// Jest Snapshot v1, https://goo.gl/fbAQLP

exports[`Weather Component it should match the snapshot 1`] = `ReactWrapper {}`;
